WARNING: $PATH does not agree with $PATH_modshare counter. The following directories' usage counters were adjusted to match. Note that this may mean that module unloading may not work correctly.
 /home/siepmann/singh891/anaconda3/bin
/var/spool/slurmd/job08458/slurm_script: line 88: unalias: gvx: not found
/var/spool/slurmd/job08458/slurm_script: line 89: unalias: gv: not found
Using environment configuration: DefaultSlurmEnvironment
ERROR: An exception was raised during operation run_config for job 1eb8292acbb5e830124ce6375b8104e7.

Traceback (most recent call last):
  File "/home/siepmann/singh891/.local/lib/python3.6/site-packages/flow/project.py", line 2299, in _execute_operation
    self._operation_functions[operation.name](operation.job)
  File "/panfs/roc/scratch/singh891/delete/cp2kmdpy/cp2kmdpy/tests/delete/presented_to_ilja/project.py", line 44, in run_config
    copyfile('{}/md.inp'.format(home),'{}/md.inp'.format(scr))
  File "/home/siepmann/singh891/anaconda3/envs/mosdef36/lib/python3.6/shutil.py", line 120, in copyfile
    with open(src, 'rb') as fsrc:
FileNotFoundError: [Errno 2] No such file or directory: '/panfs/roc/scratch/singh891/delete/cp2kmdpy/cp2kmdpy/tests/delete/presented_to_ilja/workspace/1eb8292acbb5e830124ce6375b8104e7/md.inp'
Execute with '--show-traceback' or '--debug' to show the full traceback.
HOME: /panfs/roc/scratch/singh891/delete/cp2kmdpy/cp2kmdpy/tests/delete/presented_to_ilja/workspace/1eb8292acbb5e830124ce6375b8104e7
