 DBCSR| Multiplication driver                                               BLAS
 DBCSR| Multrec recursion limit                                              512
 DBCSR| Multiplication stack size                                           1000
 DBCSR| Maximum elements for images                                    UNLIMITED
 DBCSR| Multiplicative factor virtual images                                   1
 DBCSR| Multiplication size stacks                                             3
 DBCSR| Number of 3D layers                                               SINGLE
 DBCSR| Use MPI memory allocation                                              T
 DBCSR| Use RMA algorithm                                                      F
 DBCSR| Use Communication thread                                               T
 DBCSR| Communication thread load                                             87


  **** **** ******  **  PROGRAM STARTED AT               2020-09-06 12:04:59.210
 ***** ** ***  *** **   PROGRAM STARTED ON                       LAPTOP-SAG0HDJD
 **    ****   ******    PROGRAM STARTED BY                                    rs
 ***** **    ** ** **   PROGRAM PROCESS ID                                  1015
  **** **  *******  **  PROGRAM STARTED IN /mnt/c/Users/rstha/Documents/research
                                           /workflow/cp2kmdpy/cp2kmdpy/tests

 CP2K| version string:                                          CP2K version 5.1
 CP2K| source code revision number:                                    svn:18091
 CP2K| cp2kflags: libint fftw3 libxc parallel mpi3 scalapack libderiv_max_am1=5 
 CP2K|            libint_max_am=6
 CP2K| is freely available from                            https://www.cp2k.org/
 CP2K| Program compiled at                          Mon Jan 15 17:12:42 UTC 2018
 CP2K| Program compiled on                                       lgw01-amd64-018
 CP2K| Program compiled for                                Linux-x86_64-gfortran
 CP2K| Data directory path                                       /usr/share/cp2k
 CP2K| Input file name                                Cl2_optimization_input.inp

 GLOBAL| Force Environment number                                              1
 GLOBAL| Basis set file name                                        BASIS_MOLOPT
 GLOBAL| Potential file name                                      GTH_POTENTIALS
 GLOBAL| MM Potential file name                                     MM_POTENTIAL
 GLOBAL| Coordinate file name                                      __STD_INPUT__
 GLOBAL| Method name                                                        CP2K
 GLOBAL| Project name                                                    Cl2_opt
 GLOBAL| Preferred FFT library                                             FFTW3
 GLOBAL| Preferred diagonalization lib.                                       SL
 GLOBAL| Run type                                                        GEO_OPT
 GLOBAL| All-to-all communication in single precision                          F
 GLOBAL| FFTs using library dependent lengths                                  F
 GLOBAL| Global print level                                                  LOW
 GLOBAL| Total number of message passing processes                             1
 GLOBAL| Number of threads for this process                                    1
 GLOBAL| This output is from process                                           0
 GLOBAL| CPU model name :  Intel(R) Core(TM) i5-8250U CPU @ 1.60GHz

 MEMORY| system memory details [Kb]
 MEMORY|                        rank 0           min           max       average
 MEMORY| MemTotal              8262884       8262884       8262884       8262884
 MEMORY| MemFree               1560564       1560564       1560564       1560564
 MEMORY| Buffers                 34032         34032         34032         34032
 MEMORY| Cached                 188576        188576        188576        188576
 MEMORY| Slab                    13868         13868         13868         13868
 MEMORY| SReclaimable             6744          6744          6744          6744
 MEMORY| MemLikelyFree         1789916       1789916       1789916       1789916


 GENERATE|  Preliminary Number of Bonds generated:                             0
 GENERATE|  Achieved consistency in connectivity generation.

 *******************************************************************************
 *******************************************************************************
 **                                                                           **
 **     #####                         ##              ##                      **
 **    ##   ##            ##          ##              ##                      **
 **   ##     ##                       ##            ######                    **
 **   ##     ##  ##   ##  ##   #####  ##  ##   ####   ##    #####    #####    **
 **   ##     ##  ##   ##  ##  ##      ## ##   ##      ##   ##   ##  ##   ##   **
 **   ##  ## ##  ##   ##  ##  ##      ####     ###    ##   ######   ######    **
 **    ##  ###   ##   ##  ##  ##      ## ##      ##   ##   ##       ##        **
 **     #######   #####   ##   #####  ##  ##  ####    ##    #####   ##        **
 **           ##                                                    ##        **
 **                                                                           **
 **                                                ... make the atoms dance   **
 **                                                                           **
 **            Copyright (C) by CP2K developers group (2000 - 2017)           **
 **                                                                           **
 *******************************************************************************


 SCF PARAMETERS         Density guess:                                    ATOMIC
                        --------------------------------------------------------
                        max_scf:                                               1
                        max_scf_history:                                       0
                        max_diis:                                              4
                        --------------------------------------------------------
                        eps_scf:                                        1.00E-06
                        eps_scf_history:                                0.00E+00
                        eps_diis:                                       1.00E-01
                        eps_eigval:                                     1.00E-05
                        --------------------------------------------------------
                        level_shift [a.u.]:                                 0.00
                        --------------------------------------------------------
                        Mixing method:                           DIRECT_P_MIXING
                        --------------------------------------------------------
                        No outer SCF

 *******************************************************************************
 ***                     STARTING GEOMETRY OPTIMIZATION                      ***
 ***                                   BFGS                                  ***
 *******************************************************************************

 Number of electrons:                                                         14
 Number of occupied orbitals:                                                  7
 Number of molecular orbitals:                                                 7

 Number of orbital functions:                                                 58
 Number of independent orbital functions:                                     58

 Extrapolation method: initial_guess


 SCF WAVEFUNCTION OPTIMIZATION

  Step     Update method      Time    Convergence         Total energy    Change
  ------------------------------------------------------------------------------
     1 P_Mix/Diag. 0.40E+00    0.6     0.71169181       -30.0175291496 -3.00E+01

  Leaving inner SCF loop after reaching     1 steps.


  Electronic density on regular grids:        -13.9999990811        0.0000009189
  Core density on regular grids:               13.9991470857       -0.0008529143
  Total charge density on r-space grids:       -0.0008519954
  Total charge density g-space grids:          -0.0008519954

  Overlap energy of the core charge distribution:               0.00000000092231
  Self energy of the core charge distribution:                -67.42753559473185
  Core Hamiltonian energy:                                     15.28327033974976
  Hartree energy:                                              27.86823967877101
  Exchange-correlation energy:                                 -5.74145768241030
  Dispersion energy:                                           -0.00004589188206

  Total energy:                                               -30.01752914958113

 *** WARNING in qs_scf.F:539 :: SCF run NOT converged ***


 ENERGY| Total FORCE_EVAL ( QS ) energy (a.u.):              -29.941074753813353


 --------  Informations at step =     0 ------------
  Optimization Method        =                 BFGS
  Total Energy               =       -29.9410747538
  Used time                  =                1.458
 ---------------------------------------------------

 --------------------------
 OPTIMIZATION STEP:      1
 --------------------------

 Number of electrons:                                                         14
 Number of occupied orbitals:                                                  7
 Number of molecular orbitals:                                                 7

 Number of orbital functions:                                                 58
 Number of independent orbital functions:                                     58

 Extrapolation method: ASPC


 SCF WAVEFUNCTION OPTIMIZATION

  Step     Update method      Time    Convergence         Total energy    Change
  ------------------------------------------------------------------------------
     1 P_Mix/Diag. 0.40E+00    0.5     0.02203665       -29.9406572553 -2.99E+01

  Leaving inner SCF loop after reaching     1 steps.


  Electronic density on regular grids:        -13.9999994821        0.0000005179
  Core density on regular grids:               13.9991457947       -0.0008542053
  Total charge density on r-space grids:       -0.0008536874
  Total charge density g-space grids:          -0.0008536874

  Overlap energy of the core charge distribution:               0.00000000129437
  Self energy of the core charge distribution:                -67.42753559473185
  Core Hamiltonian energy:                                     15.41680693586461
  Hartree energy:                                              27.85560658792117
  Exchange-correlation energy:                                 -5.78548997907319
  Dispersion energy:                                           -0.00004520653540

  Total energy:                                               -29.94065725526030

 *** WARNING in qs_scf.F:539 :: SCF run NOT converged ***


 ENERGY| Total FORCE_EVAL ( QS ) energy (a.u.):              -29.942929493340820


 --------  Informations at step =     1 ------------
  Optimization Method        =                 BFGS
  Total Energy               =       -29.9429294933
  Real energy change         =        -0.0018547395
  Predicted change in energy =        -0.0001152526
  Scaling factor             =         0.0000000000
  Step size                  =         0.0258877164
  Trust radius               =         0.4724315332
  Decrease in energy         =                  YES
  Used time                  =                1.226

  Convergence check :
  Max. step size             =         0.0258877164
  Conv. limit for step size  =         0.0010000000
  Convergence in step size   =                   NO
  RMS step size              =         0.0118080954
  Conv. limit for RMS step   =         0.0015000000
  Convergence in RMS step    =                   NO
  Max. gradient              =         0.0120935286
  Conv. limit for gradients  =         0.0010000000
  Conv. for gradients        =                   NO
  RMS gradient               =         0.0055541481
  Conv. limit for RMS grad.  =         0.0003000000
  Conv. for gradients        =                   NO
 ---------------------------------------------------

 --------------------------
 OPTIMIZATION STEP:      2
 --------------------------

 Number of electrons:                                                         14
 Number of occupied orbitals:                                                  7
 Number of molecular orbitals:                                                 7

 Number of orbital functions:                                                 58
 Number of independent orbital functions:                                     58

 Extrapolation method: ASPC


 SCF WAVEFUNCTION OPTIMIZATION

  Step     Update method      Time    Convergence         Total energy    Change
  ------------------------------------------------------------------------------
     1 P_Mix/Diag. 0.40E+00    0.5     0.07416784       -29.9290746285 -2.99E+01

  Leaving inner SCF loop after reaching     1 steps.


  Electronic density on regular grids:        -13.9999990941        0.0000009059
  Core density on regular grids:               13.9991481486       -0.0008518514
  Total charge density on r-space grids:       -0.0008509455
  Total charge density g-space grids:          -0.0008509455

  Overlap energy of the core charge distribution:               0.00000000104563
  Self energy of the core charge distribution:                -67.42753559473185
  Core Hamiltonian energy:                                     15.39690104787259
  Hartree energy:                                              27.87569505190410
  Exchange-correlation energy:                                 -5.77408950004248
  Dispersion energy:                                           -0.00004563453133

  Total energy:                                               -29.92907462848334

 *** WARNING in qs_scf.F:539 :: SCF run NOT converged ***


 ENERGY| Total FORCE_EVAL ( QS ) energy (a.u.):              -29.926419687473306


 --------  Informations at step =     2 ------------
  Optimization Method        =                 BFGS
  Total Energy               =       -29.9264196875
  Real energy change         =         0.0165098059
  Predicted change in energy =        -0.0001240473
  Scaling factor             =         0.0000000000
  Step size                  =         0.0161410232
  Trust radius               =         0.4724315332
  Decrease in energy         =                   NO
  Used time                  =                1.258

  Convergence check :
  Max. step size             =         0.0161410232
  Conv. limit for step size  =         0.0010000000
  Convergence in step size   =                   NO
  RMS step size              =         0.0074451329
  Conv. limit for RMS step   =         0.0015000000
  Convergence in RMS step    =                   NO
  Max. gradient              =         0.0314813071
  Conv. limit for gradients  =         0.0010000000
  Conv. for gradients        =                   NO
  RMS gradient               =         0.0144128065
  Conv. limit for RMS grad.  =         0.0003000000
  Conv. for gradients        =                   NO
 ---------------------------------------------------

 --------------------------
 OPTIMIZATION STEP:      3
 --------------------------

 Number of electrons:                                                         14
 Number of occupied orbitals:                                                  7
 Number of molecular orbitals:                                                 7

 Number of orbital functions:                                                 58
 Number of independent orbital functions:                                     58

 Extrapolation method: ASPC


 SCF WAVEFUNCTION OPTIMIZATION

  Step     Update method      Time    Convergence         Total energy    Change
  ------------------------------------------------------------------------------
     1 P_Mix/Diag. 0.40E+00    0.6     0.36482847       -29.7687758004 -2.98E+01

  Leaving inner SCF loop after reaching     1 steps.


  Electronic density on regular grids:        -13.9999991753        0.0000008247
  Core density on regular grids:               13.9991441336       -0.0008558664
  Total charge density on r-space grids:       -0.0008550418
  Total charge density g-space grids:          -0.0008550418

  Overlap energy of the core charge distribution:               0.00000000121988
  Self energy of the core charge distribution:                -67.42753559473185
  Core Hamiltonian energy:                                     15.13528112303704
  Hartree energy:                                              28.25516936709117
  Exchange-correlation energy:                                 -5.73164537300398
  Dispersion energy:                                           -0.00004532401592

  Total energy:                                               -29.76877580040367

 *** WARNING in qs_scf.F:539 :: SCF run NOT converged ***


 ENERGY| Total FORCE_EVAL ( QS ) energy (a.u.):              -29.570754067088977


 --------  Informations at step =     3 ------------
  Optimization Method        =                 BFGS
  Total Energy               =       -29.5707540671
  Real energy change         =         0.3556656204
  Predicted change in energy =        -0.0002323526
  Scaling factor             =         0.0000000000
  Step size                  =         0.0119252039
  Trust radius               =         0.4724315332
  Decrease in energy         =                   NO
  Used time                  =                1.727

  Convergence check :
  Max. step size             =         0.0119252039
  Conv. limit for step size  =         0.0010000000
  Convergence in step size   =                   NO
  RMS step size              =         0.0053779880
  Conv. limit for RMS step   =         0.0015000000
  Convergence in RMS step    =                   NO
  Max. gradient              =         0.1568235211
  Conv. limit for gradients  =         0.0010000000
  Conv. for gradients        =                   NO
  RMS gradient               =         0.0718858951
  Conv. limit for RMS grad.  =         0.0003000000
  Conv. for gradients        =                   NO
 ---------------------------------------------------

 *** MAXIMUM NUMBER OF OPTIMIZATION STEPS REACHED ***
 ***        EXITING GEOMETRY OPTIMIZATION         ***

 -------------------------------------------------------------------------------
 -                                                                             -
 -                                DBCSR STATISTICS                             -
 -                                                                             -
 -------------------------------------------------------------------------------
 COUNTER                                    TOTAL       BLAS       SMM       ACC
 flops    29 x     7 x    29               141288     100.0%      0.0%      0.0%
 flops    29 x    29 x     7               388542     100.0%      0.0%      0.0%
 flops inhomo. stacks                           0       0.0%      0.0%      0.0%
 flops total                       529.830000E+03     100.0%      0.0%      0.0%
 flops max/rank                    529.830000E+03     100.0%      0.0%      0.0%
 matmuls inhomo. stacks                         0       0.0%      0.0%      0.0%
 matmuls total                                 45     100.0%      0.0%      0.0%
 number of processed stacks                    14     100.0%      0.0%      0.0%
 average stack size                                     3.2       0.0       0.0
 marketing flops                   659.344000E+03
 -------------------------------------------------------------------------------
 # multiplications                             14
 max memory usage/rank             252.280832E+06
 # max total images/rank                        1
 # max 3D layers                                1
 # MPI messages exchanged                       0
 MPI messages size (bytes):
  total size                         0.000000E+00
  min size                           0.000000E+00
  max size                           0.000000E+00
  average size                       0.000000E+00
 MPI breakdown and total messages size (bytes):
             size <=      128                   0                        0
       128 < size <=     8192                   0                        0
      8192 < size <=    32768                   0                        0
     32768 < size <=   131072                   0                        0
    131072 < size <=  4194304                   0                        0
   4194304 < size <= 16777216                   0                        0
  16777216 < size                               0                        0
 -------------------------------------------------------------------------------

 MEMORY| Estimated peak process memory [MiB]                                 241

 -------------------------------------------------------------------------------
 -                                                                             -
 -                         MESSAGE PASSING PERFORMANCE                         -
 -                                                                             -
 -------------------------------------------------------------------------------

 ROUTINE             CALLS      AVE VOLUME [Bytes]
 MP_Group               16
 MP_Bcast               13                  99652.
 MP_Allreduce          232                     24.
 MP_Sync                 4
 MP_Alltoall           286                   7172.
 MP_Wait               336
 MP_ISend               56                     44.
 MP_IRecv               56                     44.
 MP_Memory             550
 -------------------------------------------------------------------------------


 -------------------------------------------------------------------------------
 -                                                                             -
 -                           R E F E R E N C E S                               -
 -                                                                             -
 -------------------------------------------------------------------------------
 
 CP2K version 5.1, the CP2K developers group (2017).
 CP2K is freely available from https://www.cp2k.org/ .

 Schuett, Ole; Messmer, Peter; Hutter, Juerg; VandeVondele, Joost. 
 Electronic Structure Calculations on Graphics Processing Units, John Wiley & Sons, Ltd, 173-190 (2016). 
 GPU-Accelerated Sparse Matrix-Matrix Multiplication for Linear Scaling Density Functional Theory.
 http://dx.doi.org/10.1002/9781118670712.ch8


 Borstnik, U; VandeVondele, J; Weber, V; Hutter, J. 
 PARALLEL COMPUTING, 40 (5-6), 47-58 (2014). 
 Sparse matrix multiplication: The distributed block-compressed sparse
 row library.
 http://dx.doi.org/10.1016/j.parco.2014.03.012


 Hutter, J; Iannuzzi, M; Schiffmann, F; VandeVondele, J. 
 WILEY INTERDISCIPLINARY REVIEWS-COMPUTATIONAL MOLECULAR SCIENCE, 4 (1), 15-25 (2014). 
 CP2K: atomistic simulations of condensed matter systems.
 http://dx.doi.org/10.1002/wcms.1159


 Grimme, S; Ehrlich, S; Goerigk, L. 
 JOURNAL OF COMPUTATIONAL CHEMISTRY, 32, 1456 (2011). 
 Effect of the damping function in dispersion corrected density functional theory.
 http://dx.doi.org/10.1002/jcc.21759


 Grimme, S; Antony, J; Ehrlich, S; Krieg, H. 
 JOURNAL OF CHEMICAL PHYSICS, 132 (15), 154104 (2010). 
 A consistent and accurate ab initio parametrization of density
 functional dispersion correction (DFT-D) for the 94 elements H-Pu.
 http://dx.doi.org/10.1063/1.3382344


 VandeVondele, J; Hutter, J. 
 JOURNAL OF CHEMICAL PHYSICS, 127 (11), 114105 (2007). 
 Gaussian basis sets for accurate calculations on molecular systems in
 gas and condensed phases.
 http://dx.doi.org/10.1063/1.2770708


 Krack, M. 
 THEORETICAL CHEMISTRY ACCOUNTS, 114 (1-3), 145-152 (2005). 
 Pseudopotentials for H to Kr optimized for gradient-corrected
 exchange-correlation functionals.
 http://dx.doi.org/10.1007/s00214-005-0655-y


 VandeVondele, J; Krack, M; Mohamed, F; Parrinello, M; Chassaing, T;
 Hutter, J. COMPUTER PHYSICS COMMUNICATIONS, 167 (2), 103-128 (2005). 
 QUICKSTEP: Fast and accurate density functional calculations using a
 mixed Gaussian and plane waves approach.
 http://dx.doi.org/10.1016/j.cpc.2004.12.014


 Frigo, M; Johnson, SG. 
 PROCEEDINGS OF THE IEEE, 93 (2), 216-231 (2005). 
 The design and implementation of FFTW3.
 http://dx.doi.org/10.1109/JPROC.2004.840301


 Kolafa, J. 
 JOURNAL OF COMPUTATIONAL CHEMISTRY, 25 (3), 335-342 (2004). 
 Time-reversible always stable predictor-corrector method for molecular dynamics of polarizable molecules.
 http://dx.doi.org/10.1002/jcc.10385


 Hartwigsen, C; Goedecker, S; Hutter, J. 
 PHYSICAL REVIEW B, 58 (7), 3641-3662 (1998). 
 Relativistic separable dual-space Gaussian pseudopotentials from H to Rn.
 http://dx.doi.org/10.1103/PhysRevB.58.3641


 Lippert, G; Hutter, J; Parrinello, M. 
 MOLECULAR PHYSICS, 92 (3), 477-487 (1997). 
 A hybrid Gaussian and plane wave density functional scheme.
 http://dx.doi.org/10.1080/002689797170220


 Perdew, JP; Burke, K; Ernzerhof, M. 
 PHYSICAL REVIEW LETTERS, 77 (18), 3865-3868 (1996). 
 Generalized gradient approximation made simple.
 http://dx.doi.org/10.1103/PhysRevLett.77.3865


 Goedecker, S; Teter, M; Hutter, J. 
 PHYSICAL REVIEW B, 54 (3), 1703-1710 (1996). 
 Separable dual-space Gaussian pseudopotentials.
 http://dx.doi.org/10.1103/PhysRevB.54.1703


 -------------------------------------------------------------------------------
 -                                                                             -
 -                                T I M I N G                                  -
 -                                                                             -
 -------------------------------------------------------------------------------
 SUBROUTINE                       CALLS  ASD         SELF TIME        TOTAL TIME
                                MAXIMUM       AVERAGE  MAXIMUM  AVERAGE  MAXIMUM
 CP2K                                 1  1.0    0.013    0.013    6.098    6.098
 cp_geo_opt                           1  2.0    0.000    0.000    5.690    5.690
 geoopt_bfgs                          1  3.0    0.001    0.001    5.690    5.690
 cp_eval_at                           4  4.0    0.001    0.001    5.614    5.614
 qs_forces                            4  5.0    0.000    0.000    5.613    5.613
 rebuild_ks_matrix                    8  8.5    0.000    0.000    4.602    4.602
 qs_ks_build_kohn_sham_matrix         8  9.5    0.001    0.001    4.601    4.601
 qs_vxc_create                        8 10.5    0.000    0.000    3.619    3.619
 xc_vxc_pw_create                     8 11.5    0.065    0.065    3.619    3.619
 qs_energies                          4  6.0    0.000    0.000    3.208    3.208
 pw_transfer                        156 12.6    0.012    0.012    2.990    2.990
 fft_wrap_pw1pw2                    140 13.7    0.001    0.001    2.915    2.915
 fft_wrap_pw1pw2_100                 92 14.5    0.279    0.279    2.803    2.803
 scf_env_do_scf                       4  7.0    0.000    0.000    2.633    2.633
 scf_env_do_scf_inner_loop            4  8.0    0.000    0.000    2.633    2.633
 qs_ks_update_qs_env_forces           4  6.0    0.000    0.000    2.373    2.373
 xc_rho_set_and_dset_create           8 12.5    0.023    0.023    2.295    2.295
 qs_ks_update_qs_env                  4  9.0    0.000    0.000    2.228    2.228
 fft3d_s                            141 15.6    1.750    1.750    1.793    1.793
 xc_functional_eval                   8 13.5    0.000    0.000    1.351    1.351
 pbe_lda_eval                         8 14.5    1.351    1.351    1.351    1.351
 qs_rho_update_rho                    8  9.4    0.000    0.000    0.691    0.691
 calculate_rho_elec                   8 10.4    0.060    0.060    0.691    0.691
 density_rs2pw                        8 11.4    0.001    0.001    0.621    0.621
 sum_up_and_integrate                 8 10.5    0.013    0.013    0.480    0.480
 integrate_v_rspace                   8 11.5    0.104    0.104    0.467    0.467
 pw_gather_s                         68 15.4    0.437    0.437    0.437    0.437
 pw_scatter_s                        72 15.9    0.426    0.426    0.426    0.426
 init_scf_run                         4  7.0    0.000    0.000    0.380    0.380
 scf_env_initial_rho_setup            4  8.0    0.000    0.000    0.372    0.372
 potential_pw2rs                      8 12.5    0.002    0.002    0.361    0.361
 qs_init_subsys                       1  2.0    0.002    0.002    0.319    0.319
 pw_derive                           48 13.0    0.303    0.303    0.303    0.303
 qs_env_setup                         1  3.0    0.000    0.000    0.246    0.246
 qs_env_rebuild_pw_env                9  6.2    0.000    0.000    0.246    0.246
 pw_env_rebuild                       1  5.0    0.000    0.000    0.246    0.246
 wfi_extrapolate                      4  9.0    0.000    0.000    0.236    0.236
 pw_grid_setup                        4  6.0    0.000    0.000    0.230    0.230
 pw_grid_setup_internal               4  7.0    0.007    0.007    0.230    0.230
 pw_copy                             88 13.0    0.215    0.215    0.215    0.215
 pw_poisson_solve                     8 10.5    0.125    0.125    0.203    0.203
 qs_energies_init_hamiltonians        4  7.0    0.000    0.000    0.184    0.184
 pw_grid_sort                         4  8.0    0.135    0.135    0.170    0.170
 qs_env_update_s_mstruct              4  8.0    0.000    0.000    0.166    0.166
 calculate_rho_core                   4  9.0    0.004    0.004    0.160    0.160
 pw_axpy                             64 12.2    0.137    0.137    0.137    0.137
 -------------------------------------------------------------------------------

 The number of warnings for this run is : 4
 
 -------------------------------------------------------------------------------
  **** **** ******  **  PROGRAM ENDED AT                 2020-09-06 12:05:06.492
 ***** ** ***  *** **   PROGRAM RAN ON                           LAPTOP-SAG0HDJD
 **    ****   ******    PROGRAM RAN BY                                        rs
 ***** **    ** ** **   PROGRAM PROCESS ID                                  1015
  **** **  *******  **  PROGRAM STOPPED IN /mnt/c/Users/rstha/Documents/research
                                           /workflow/cp2kmdpy/cp2kmdpy/tests
