SIM/GLOBAL/RUN_TYPE

New: MD
Previous: None
Date: 2020-09-07 15:32:18.604246
Success: True
ErrorMessage: None

SIM/GLOBAL/PRINT_LEVEL

New: LOW
Previous: None
Date: 2020-09-07 15:32:18.604268
Success: True
ErrorMessage: None

SIM/GLOBAL/SEED

New: 1
Previous: None
Date: 2020-09-07 15:32:18.604273
Success: True
ErrorMessage: None

SIM/MOTION/METHOD

New: QUICKSTEP
Previous: None
Date: 2020-09-07 15:32:18.604280
Success: True
ErrorMessage: None

SIM/MOTION/STRESS_TENSOR

New: ANALYTICAL
Previous: QUICKSTEP
Date: 2020-09-07 15:32:18.604286
Success: True
ErrorMessage: None

SIM/MOTION/DFT/ABASIS_SET_FILE_NAME

New: BASIS_MOLOPT
Previous: None
Date: 2020-09-07 15:32:18.604296
Success: True
ErrorMessage: None

SIM/MOTION/DFT/POTENTIAL_FILE_NAME

New: GTH_POTENTIALS
Previous: None
Date: 2020-09-07 15:32:18.604301
Success: True
ErrorMessage: None

SIM/MOTION/DFT/CHARGE

New: 0
Previous: None
Date: 2020-09-07 15:32:18.604308
Success: True
ErrorMessage: None

SIM/MOTION/DFT/MULTIPLICITY

New: 1
Previous: None
Date: 2020-09-07 15:32:18.604311
Success: True
ErrorMessage: None

SIM/MOTION/DFT/MGRID/CUTOFF

New: 200
Previous: None
Date: 2020-09-07 15:32:18.604315
Success: True
ErrorMessage: None

SIM/MOTION/DFT/MGRID/REL_CUTOFF

New: 50
Previous: None
Date: 2020-09-07 15:32:18.604321
Success: True
ErrorMessage: None

SIM/MOTION/DFT/MGRID/NGRIDS

New: 4
Previous: None
Date: 2020-09-07 15:32:18.604327
Success: True
ErrorMessage: None

SIM/MOTION/DFT/ENERGY/METHOD

New: GPW
Previous: None
Date: 2020-09-07 15:32:18.604334
Success: True
ErrorMessage: None

SIM/MOTION/DFT/ENERGY/EPS_DEFAULT

New: 0.0001
Previous: None
Date: 2020-09-07 15:32:18.604346
Success: True
ErrorMessage: None

SIM/MOTION/DFT/ENERGY/EXTRAPOLATION

New: ASPC
Previous: None
Date: 2020-09-07 15:32:18.604353
Success: True
ErrorMessage: None

SIM/MOTION/DFT/POISSON/PERIODIC

New: XYZ
Previous: None
Date: 2020-09-07 15:32:18.604360
Success: True
ErrorMessage: None

SIM/MOTION/DFT/PRINT/PRINT/SECTION_PARAMETERS

New: OFF
Previous: None
Date: 2020-09-07 15:32:18.604371
Success: True
ErrorMessage: None

SIM/MOTION/DFT/SCF/SCF_GUESS

New: ATOMIC
Previous: None
Date: 2020-09-07 15:32:18.604381
Success: True
ErrorMessage: None

SIM/MOTION/DFT/SCF/MAX_SCF

New: 2
Previous: None
Date: 2020-09-07 15:32:18.604388
Success: True
ErrorMessage: None

SIM/MOTION/DFT/SCF/OT/SECTION_PARAMETERS

New: .TRUE.
Previous: None
Date: 2020-09-07 15:32:18.604399
Success: True
ErrorMessage: None

SIM/MOTION/DFT/SCF/OT/PRECONDITIONER

New: FULL_SINGLE_INVERSE
Previous: None
Date: 2020-09-07 15:32:18.604409
Success: True
ErrorMessage: None

SIM/MOTION/DFT/SCF/OT/MINIMIZER

New: DIIS
Previous: None
Date: 2020-09-07 15:32:18.604422
Success: True
ErrorMessage: None

SIM/MOTION/DFT/SCF/OUTER_SCF/SECTION_PARAMETERS

New: .TRUE.
Previous: None
Date: 2020-09-07 15:32:18.604430
Success: True
ErrorMessage: None

SIM/MOTION/DFT/SCF/OUTER_SCF/MAX_SCF

New: 1
Previous: None
Date: 2020-09-07 15:32:18.604439
Success: True
ErrorMessage: None

SIM/MOTION/DFT/SCF/OUTER_SCF/EPS_SCF

New: 0.0001
Previous: 0.0001
Date: 2020-09-07 15:32:18.604446
Success: True
ErrorMessage: None

SIM/MOTION/DFT/SCF/SCF_PRINT/FORCES/SECTION_PARAMETERS

New: OFF
Previous: None
Date: 2020-09-07 15:32:18.604454
Success: True
ErrorMessage: None

SIM/MOTION/DFT/SCF/SCF_PRINT/DM_RESTART_WRITE

New: .TRUE.
Previous: None
Date: 2020-09-07 15:32:18.604458
Success: True
ErrorMessage: None

SIM/MOTION/DFT/XC/XC_FUNCTIONAL/SECTION_PARAMETERS

New: PBE
Previous: None
Date: 2020-09-07 15:32:18.604466
Success: True
ErrorMessage: None

SIM/MOTION/DFT/XC/VDW_POTENTIAL/POTENTIAL_TYPE

New: PAIR_POTENTIAL
Previous: None
Date: 2020-09-07 15:32:18.604470
Success: True
ErrorMessage: None

SIM/MOTION/DFT/XC/VDW_POTENTIAL/PAIR_POTENTIAL/TYPE

New: DFTD3
Previous: None
Date: 2020-09-07 15:32:18.604484
Success: True
ErrorMessage: None

SIM/MOTION/DFT/XC/VDW_POTENTIAL/PAIR_POTENTIAL/PARAMETER_FILE_NAME

New: dftd3.dat
Previous: None
Date: 2020-09-07 15:32:18.604490
Success: True
ErrorMessage: None

SIM/MOTION/DFT/XC/VDW_POTENTIAL/PAIR_POTENTIAL/REFERENCE_FUNCTIONAL

New: PBE
Previous: None
Date: 2020-09-07 15:32:18.604496
Success: True
ErrorMessage: None

SIM/MOTION/DFT/XC/VDW_POTENTIAL/PAIR_POTENTIAL/R_CUTOFF

New: 8
Previous: None
Date: 2020-09-07 15:32:18.604499
Success: True
ErrorMessage: None

SIM/MOTION/SUBSYS/DFT/DEFAULT_KEYWORD

New: sample_project.xyz
Previous: None
Date: 2020-09-07 15:32:18.604511
Success: True
ErrorMessage: None

SIM/MOTION/SUBSYS/KIND/SECTION_PARAMETERS

New: Cl
Previous: None
Date: 2020-09-07 15:32:18.604652
Success: True
ErrorMessage: None

SIM/MOTION/SUBSYS/KIND/BASIS_SET

New: DZVP-MOLOPT-GTH
Previous: None
Date: 2020-09-07 15:32:18.604665
Success: True
ErrorMessage: None

SIM/MOTION/SUBSYS/KIND/POTENTIAL

New: GTH-PBE
Previous: None
Date: 2020-09-07 15:32:18.604673
Success: True
ErrorMessage: None

SIM/MOTION/SUBSYS/DFT/ABC

New: 10.0 10.0 10.0
Previous: None
Date: 2020-09-07 15:32:18.604695
Success: True
ErrorMessage: None

SIM/MOTION/SUBSYS/DFT/ALPHA_BETA_GAMMA

New: 90.0 90.0 90.0
Previous: None
Date: 2020-09-07 15:32:18.604706
Success: True
ErrorMessage: None

SIM/MOTION/GEO_OPT/MAX_DR

New: BFGS
Previous: None
Date: 2020-09-07 15:32:18.604714
Success: True
ErrorMessage: None

SIM/MOTION/GEO_OPT/MAX_ITER

New: 100
Previous: None
Date: 2020-09-07 15:32:18.604721
Success: True
ErrorMessage: None

SIM/MOTION/GEO_OPT/MAX_FORCE

New: 0.003
Previous: None
Date: 2020-09-07 15:32:18.604726
Success: True
ErrorMessage: None

SIM/MOTION/MD/ENSEMBLE

New: NVT
Previous: None
Date: 2020-09-07 15:32:18.604734
Success: True
ErrorMessage: None

SIM/MOTION/MD/STEPS

New: 1
Previous: None
Date: 2020-09-07 15:32:18.604740
Success: True
ErrorMessage: None

SIM/MOTION/MD/TIMESTEP

New: 1.0
Previous: None
Date: 2020-09-07 15:32:18.604756
Success: True
ErrorMessage: None

SIM/MOTION/MD/TEMPERATURE

New: 273.15
Previous: None
Date: 2020-09-07 15:32:18.604770
Success: True
ErrorMessage: None

SIM/MOTION/MD/THERMOSTAT/TYPE

New: None
Previous: None
Date: 2020-09-07 15:32:18.604778
Success: True
ErrorMessage: None

SIM/MOTION/MD/THERMOSTAT/REGION

New: MASSIVE
Previous: None
Date: 2020-09-07 15:32:18.604788
Success: True
ErrorMessage: None

SIM/MOTION/MD/THERMOSTAT/NOSE/LENGTH

New: 5
Previous: None
Date: 2020-09-07 15:32:18.604796
Success: True
ErrorMessage: None

SIM/MOTION/MD/THERMOSTAT/NOSE/YOSHIDA

New: 3
Previous: None
Date: 2020-09-07 15:32:18.604800
Success: True
ErrorMessage: None

SIM/MOTION/MD/THERMOSTAT/NOSE/TIMECON

New: 1000.0
Previous: None
Date: 2020-09-07 15:32:18.604804
Success: True
ErrorMessage: None

SIM/MOTION/MD/THERMOSTAT/NOSE/MTS

New: 2
Previous: None
Date: 2020-09-07 15:32:18.604808
Success: True
ErrorMessage: None

SIM/MOTION/PRINT/STRESS/SECTION_PARAMETERS

New: OFF
Previous: None
Date: 2020-09-07 15:32:18.604836
Success: True
ErrorMessage: None

SIM/MOTION/PRINT/TRAJECTORY/EACH/MD

New: 10
Previous: None
Date: 2020-09-07 15:32:18.604852
Success: True
ErrorMessage: None

SIM/MOTION/PRINT/TRAJECTORY/FORMAT

New: PDB
Previous: None
Date: 2020-09-07 15:32:18.604859
Success: True
ErrorMessage: None

SIM/MOTION/PRINT/VELOCITIES/SECTION_PARAMETERS

New: OFF
Previous: None
Date: 2020-09-07 15:32:18.604866
Success: True
ErrorMessage: None

SIM/MOTION/PRINT/FORCES/SECTION_PARAMETERS

New: OFF
Previous: None
Date: 2020-09-07 15:32:18.604871
Success: True
ErrorMessage: None

SIM/MOTION/PRINT/FORCES/SECTION_PARAMETERS

New: ON
Previous: None
Date: 2020-09-07 15:32:18.604878
Success: True
ErrorMessage: None

SIM/MOTION/PRINT/FORCES/EACH/MD

New: 500
Previous: None
Date: 2020-09-07 15:32:18.604882
Success: True
ErrorMessage: None

SIM/MOTION/PRINT/FORCES/SECTION_PARAMETERS

New: ON
Previous: None
Date: 2020-09-07 15:32:18.604886
Success: True
ErrorMessage: None

SIM/MOTION/PRINT/FORCES/BACKUP_COPIES

New: 3
Previous: None
Date: 2020-09-07 15:32:18.604893
Success: True
ErrorMessage: None

SIM/MOTION/PRINT/FORCES/EACH/MD

New: 1
Previous: None
Date: 2020-09-07 15:32:18.604900
Success: True
ErrorMessage: None

