SIM/GLOBAL/RUN_TYPE

New: GEO_OPT
Previous: None
Date: 2020-09-07 15:32:04.629626
Success: True
ErrorMessage: None

SIM/GLOBAL/PRINT_LEVEL

New: LOW
Previous: None
Date: 2020-09-07 15:32:04.629643
Success: True
ErrorMessage: None

SIM/MOTION/METHOD

New: QUICKSTEP
Previous: None
Date: 2020-09-07 15:32:04.629653
Success: True
ErrorMessage: None

SIM/MOTION/SUBSYS/DFT/ABC

New: 10.0 10.0 10.0
Previous: None
Date: 2020-09-07 15:32:04.629673
Success: True
ErrorMessage: None

SIM/MOTION/SUBSYS/DFT/ALPHA_BETA_GAMMA

New: 90.0 90.0 90.0
Previous: None
Date: 2020-09-07 15:32:04.629683
Success: True
ErrorMessage: None

SIM/MOTION/SUBSYS/DFT/PERIODIC

New: XYZ
Previous: None
Date: 2020-09-07 15:32:04.629688
Success: True
ErrorMessage: None

SIM/MOTION/SUBSYS/DFT/DEFAULT_KEYWORD

New: Cl2_unoptimized_coord.xyz
Previous: None
Date: 2020-09-07 15:32:04.629699
Success: True
ErrorMessage: None

SIM/MOTION/SUBSYS/KIND/SECTION_PARAMETERS

New: Cl
Previous: None
Date: 2020-09-07 15:32:04.629887
Success: True
ErrorMessage: None

SIM/MOTION/SUBSYS/KIND/BASIS_SET

New: TZV2PX-MOLOPT-GTH
Previous: None
Date: 2020-09-07 15:32:04.629897
Success: True
ErrorMessage: None

SIM/MOTION/SUBSYS/KIND/POTENTIAL

New: GTH-PBE
Previous: None
Date: 2020-09-07 15:32:04.629902
Success: True
ErrorMessage: None

SIM/MOTION/DFT/ABASIS_SET_FILE_NAME

New: BASIS_MOLOPT
Previous: None
Date: 2020-09-07 15:32:04.629908
Success: True
ErrorMessage: None

SIM/MOTION/DFT/POTENTIAL_FILE_NAME

New: GTH_POTENTIALS
Previous: None
Date: 2020-09-07 15:32:04.629914
Success: True
ErrorMessage: None

SIM/MOTION/DFT/ENERGY/EPS_DEFAULT

New: 0.0001
Previous: None
Date: 2020-09-07 15:32:04.629921
Success: True
ErrorMessage: None

SIM/MOTION/DFT/MGRID/CUTOFF

New: 200
Previous: None
Date: 2020-09-07 15:32:04.629931
Success: True
ErrorMessage: None

SIM/MOTION/DFT/MGRID/REL_CUTOFF

New: 50
Previous: None
Date: 2020-09-07 15:32:04.629938
Success: True
ErrorMessage: None

SIM/MOTION/DFT/MGRID/NGRIDS

New: 4
Previous: None
Date: 2020-09-07 15:32:04.629946
Success: True
ErrorMessage: None

SIM/MOTION/DFT/XC/XC_FUNCTIONAL/SECTION_PARAMETERS

New: PBE
Previous: None
Date: 2020-09-07 15:32:04.629953
Success: True
ErrorMessage: None

SIM/MOTION/DFT/XC/VDW_POTENTIAL/POTENTIAL_TYPE

New: PAIR_POTENTIAL
Previous: None
Date: 2020-09-07 15:32:04.629960
Success: True
ErrorMessage: None

SIM/MOTION/DFT/XC/VDW_POTENTIAL/PAIR_POTENTIAL/TYPE

New: DFTD3
Previous: None
Date: 2020-09-07 15:32:04.629973
Success: True
ErrorMessage: None

SIM/MOTION/DFT/XC/VDW_POTENTIAL/PAIR_POTENTIAL/PARAMETER_FILE_NAME

New: dftd3.dat
Previous: None
Date: 2020-09-07 15:32:04.629982
Success: True
ErrorMessage: None

SIM/MOTION/DFT/XC/VDW_POTENTIAL/PAIR_POTENTIAL/REFERENCE_FUNCTIONAL

New: PBE
Previous: None
Date: 2020-09-07 15:32:04.629985
Success: True
ErrorMessage: None

SIM/MOTION/DFT/XC/VDW_POTENTIAL/PAIR_POTENTIAL/R_CUTOFF

New: 8
Previous: None
Date: 2020-09-07 15:32:04.629988
Success: True
ErrorMessage: None

SIM/MOTION/DFT/SCF/SCF_GUESS

New: ATOMIC
Previous: None
Date: 2020-09-07 15:32:04.629997
Success: True
ErrorMessage: None

SIM/MOTION/DFT/SCF/MAX_SCF

New: 1
Previous: None
Date: 2020-09-07 15:32:04.630003
Success: True
ErrorMessage: None

SIM/MOTION/GEO_OPT/TYPE

New: MINIMIZATION
Previous: None
Date: 2020-09-07 15:32:04.630040
Success: True
ErrorMessage: None

SIM/MOTION/GEO_OPT/MAX_DR

New: BFGS
Previous: None
Date: 2020-09-07 15:32:04.630052
Success: True
ErrorMessage: None

SIM/MOTION/GEO_OPT/MAX_ITER

New: 3
Previous: None
Date: 2020-09-07 15:32:04.630059
Success: True
ErrorMessage: None

SIM/MOTION/GEO_OPT/MAX_FORCE

New: 0.001
Previous: None
Date: 2020-09-07 15:32:04.630068
Success: True
ErrorMessage: None

SIM/MOTION/CONSTRAINT/FIXED_ATOMS/LIST

New: 1
Previous: None
Date: 2020-09-07 15:32:04.630072
Success: True
ErrorMessage: None

