SIM/GLOBAL/RUN_TYPE

New: GEO_OPT
Previous: None
Date: 2020-09-11 10:54:47.831948
Success: True
ErrorMessage: None

SIM/GLOBAL/PRINT_LEVEL

New: LOW
Previous: None
Date: 2020-09-11 10:54:47.831973
Success: True
ErrorMessage: None

SIM/MOTION/METHOD

New: QUICKSTEP
Previous: None
Date: 2020-09-11 10:54:47.831978
Success: True
ErrorMessage: None

SIM/MOTION/SUBSYS/DFT/ABC

New: 10.0 10.0 10.0
Previous: None
Date: 2020-09-11 10:54:47.832007
Success: True
ErrorMessage: None

SIM/MOTION/SUBSYS/DFT/ALPHA_BETA_GAMMA

New: 90.0 90.0 90.0
Previous: None
Date: 2020-09-11 10:54:47.832016
Success: True
ErrorMessage: None

SIM/MOTION/SUBSYS/DFT/PERIODIC

New: NONE
Previous: None
Date: 2020-09-11 10:54:47.832037
Success: True
ErrorMessage: None

SIM/MOTION/SUBSYS/DFT/DEFAULT_KEYWORD

New: O2_unoptimized_coord.xyz
Previous: None
Date: 2020-09-11 10:54:47.832059
Success: True
ErrorMessage: None

SIM/MOTION/SUBSYS/KIND/SECTION_PARAMETERS

New: O
Previous: None
Date: 2020-09-11 10:54:47.832181
Success: True
ErrorMessage: None

SIM/MOTION/SUBSYS/KIND/BASIS_SET

New: DZVP-MOLOPT-GTH
Previous: None
Date: 2020-09-11 10:54:47.832192
Success: True
ErrorMessage: None

SIM/MOTION/SUBSYS/KIND/POTENTIAL

New: GTH-PBE
Previous: None
Date: 2020-09-11 10:54:47.832203
Success: True
ErrorMessage: None

SIM/MOTION/DFT/ABASIS_SET_FILE_NAME

New: BASIS_MOLOPT
Previous: None
Date: 2020-09-11 10:54:47.832210
Success: True
ErrorMessage: None

SIM/MOTION/DFT/POTENTIAL_FILE_NAME

New: GTH_POTENTIALS
Previous: None
Date: 2020-09-11 10:54:47.832213
Success: True
ErrorMessage: None

SIM/MOTION/DFT/ENERGY/EPS_DEFAULT

New: 1e-07
Previous: None
Date: 2020-09-11 10:54:47.832219
Success: True
ErrorMessage: None

SIM/MOTION/DFT/MGRID/CUTOFF

New: 300
Previous: None
Date: 2020-09-11 10:54:47.832228
Success: True
ErrorMessage: None

SIM/MOTION/DFT/MGRID/REL_CUTOFF

New: 50
Previous: None
Date: 2020-09-11 10:54:47.832234
Success: True
ErrorMessage: None

SIM/MOTION/DFT/MGRID/NGRIDS

New: 4
Previous: None
Date: 2020-09-11 10:54:47.832238
Success: True
ErrorMessage: None

SIM/MOTION/DFT/XC/XC_FUNCTIONAL/SECTION_PARAMETERS

New: PBE
Previous: None
Date: 2020-09-11 10:54:47.832246
Success: True
ErrorMessage: None

SIM/MOTION/DFT/XC/VDW_POTENTIAL/POTENTIAL_TYPE

New: PAIR_POTENTIAL
Previous: None
Date: 2020-09-11 10:54:47.832257
Success: True
ErrorMessage: None

SIM/MOTION/DFT/XC/VDW_POTENTIAL/PAIR_POTENTIAL/TYPE

New: DFTD3
Previous: None
Date: 2020-09-11 10:54:47.832267
Success: True
ErrorMessage: None

SIM/MOTION/DFT/XC/VDW_POTENTIAL/PAIR_POTENTIAL/PARAMETER_FILE_NAME

New: dftd3.dat
Previous: None
Date: 2020-09-11 10:54:47.832271
Success: True
ErrorMessage: None

SIM/MOTION/DFT/XC/VDW_POTENTIAL/PAIR_POTENTIAL/REFERENCE_FUNCTIONAL

New: PBE
Previous: None
Date: 2020-09-11 10:54:47.832277
Success: True
ErrorMessage: None

SIM/MOTION/DFT/XC/VDW_POTENTIAL/PAIR_POTENTIAL/R_CUTOFF

New: 8
Previous: None
Date: 2020-09-11 10:54:47.832280
Success: True
ErrorMessage: None

SIM/MOTION/DFT/SCF/SCF_GUESS

New: ATOMIC
Previous: None
Date: 2020-09-11 10:54:47.832287
Success: True
ErrorMessage: None

SIM/MOTION/DFT/SCF/MAX_SCF

New: 6
Previous: None
Date: 2020-09-11 10:54:47.832293
Success: True
ErrorMessage: None

SIM/MOTION/DFT/POISSON/PERIODIC

New: NONE
Previous: None
Date: 2020-09-11 10:54:47.832301
Success: True
ErrorMessage: None

SIM/MOTION/DFT/POISSON/POISSON_SOLVER

New: WAVELET
Previous: None
Date: 2020-09-11 10:54:47.832309
Success: True
ErrorMessage: None

SIM/MOTION/GEO_OPT/TYPE

New: MINIMIZATION
Previous: None
Date: 2020-09-11 10:54:47.832377
Success: True
ErrorMessage: None

SIM/MOTION/GEO_OPT/MAX_DR

New: BFGS
Previous: None
Date: 2020-09-11 10:54:47.832387
Success: True
ErrorMessage: None

SIM/MOTION/GEO_OPT/MAX_ITER

New: 1
Previous: None
Date: 2020-09-11 10:54:47.832395
Success: True
ErrorMessage: None

SIM/MOTION/GEO_OPT/MAX_FORCE

New: 0.001
Previous: None
Date: 2020-09-11 10:54:47.832402
Success: True
ErrorMessage: None

SIM/MOTION/CONSTRAINT/FIXED_ATOMS/LIST

New: 1
Previous: None
Date: 2020-09-11 10:54:47.832411
Success: True
ErrorMessage: None

